// Jest Snapshot v1, https://goo.gl/fbAQLP

exports[`Indexer indexing should index the lines 1`] = `Array []`;

exports[`Indexer should index the lines 1`] = `
Array [
  Object {
    "path": "/Users/mtford/Playground/log/log.txt",
    "rowid": 2,
    "text": " DEBUG  [workflow-upload-orchestrator] no operations performed - sleeping",
    "timestamp": 1597250458409,
  },
  Object {
    "path": "/Users/mtford/Playground/log/log.txt",
    "rowid": 3,
    "text": " DEBUG  [workflow-upload-orchestrator] performOperation",
    "timestamp": 1597250458411,
  },
  Object {
    "path": "/Users/mtford/Playground/log/log.txt",
    "rowid": 4,
    "text": " DEBUG  [workflow-upload-orchestrator] event was received during previous operation - trying another tick",
    "timestamp": 1597250458413,
  },
  Object {
    "path": "/Users/mtford/Playground/log/log.txt",
    "rowid": 5,
    "text": " DEBUG  [workflow-upload-orchestrator] tick ignored - already performing operation (2 ignored events)",
    "timestamp": 1597250458416,
  },
  Object {
    "path": "/Users/mtford/Playground/log/log.txt",
    "rowid": 6,
    "text": " DEBUG  [workflow-upload-orchestrator] file observation {\\"file\\": \\"/storage/emulated/0/Android/data/com.xpertsea.mobileapp.staging/files/workflows/a830a970-f987-11e9-b4d8-66674c84890a/ddd18590-6ab7-11e9-94af-3aaca69310c8/8351ec7a-6ab9-11e9-9d14-1aa083c926ce/error_1581966924343_0999f04a-986e-4740-be21-2b4ffc2dedda\\", \\"listenerId\\": \\"9a59ed7c-eff0-42ba-aa64-5bf3b7c23412\\", \\"mask\\": 1073741952, \\"path\\": \\"/storage/emulated/0/Android/data/com.xpertsea.mobileapp.staging/files/workflows\\", \\"types\\": [128]}",
    "timestamp": 1597250458427,
  },
  Object {
    "path": "/Users/mtford/Playground/log/log.txt",
    "rowid": 7,
    "text": " DEBUG  [workflow-upload-orchestrator] tick ignored - already performing operation (1 ignored events)",
    "timestamp": 1597250458430,
  },
  Object {
    "path": "/Users/mtford/Playground/log/log.txt",
    "rowid": 8,
    "text": " DEBUG  [workflow-upload-orchestrator] file observation {\\"file\\": \\"/storage/emulated/0/Android/data/com.xpertsea.mobileapp.staging/files/workflows/a830a970-f987-11e9-b4d8-66674c84890a/ddd18590-6ab7-11e9-94af-3aaca69310c8/8351ec7a-6ab9-11e9-9d14-1aa083c926ce/1581966924343_0999f04a-986e-4740-be21-2b4ffc2dedda\\", \\"listenerId\\": \\"9a59ed7c-eff0-42ba-aa64-5bf3b7c23412\\", \\"mask\\": 1073741888, \\"path\\": \\"/storage/emulated/0/Android/data/com.xpertsea.mobileapp.staging/files/workflows\\", \\"types\\": [64]}",
    "timestamp": 1597250458443,
  },
  Object {
    "path": "/Users/mtford/Playground/log/log.txt",
    "rowid": 9,
    "text": " DEBUG  [workflow-upload-orchestrator] performOperation",
    "timestamp": 1597250458444,
  },
  Object {
    "path": "/Users/mtford/Playground/log/log.txt",
    "rowid": 10,
    "text": " DEBUG  [workflow-upload-orchestrator] operation was performed - trying another tick",
    "timestamp": 1597250458446,
  },
  Object {
    "path": "/Users/mtford/Playground/log/log.txt",
    "rowid": 11,
    "text": " DEBUG  [workflow-upload-orchestrator] marked workflow folder as errored",
    "timestamp": 1597250458447,
  },
  Object {
    "path": "/Users/mtford/Playground/log/log.txt",
    "rowid": 12,
    "text": " DEBUG  [workflow-upload-orchestrator] no payload file to upload",
    "timestamp": 1597250458449,
  },
  Object {
    "path": "/Users/mtford/Playground/log/log.txt",
    "rowid": 13,
    "text": " DEBUG  [workflow-upload-orchestrator] no binary info files to upload",
    "timestamp": 1597250458451,
  },
  Object {
    "path": "/Users/mtford/Playground/log/log.txt",
    "rowid": 14,
    "text": " DEBUG  [workflow-upload-orchestrator] no binaries to upload",
    "timestamp": 1597250458453,
  },
  Object {
    "path": "/Users/mtford/Playground/log/log.txt",
    "rowid": 15,
    "text": " DEBUG  [workflow-upload-orchestrator] found workflow to upload {\\"workflowToUpload\\": {\\"customerId\\": \\"ddd18590-6ab7-11e9-94af-3aaca69310c8\\", \\"error\\": false, \\"fileName\\": \\"1581966924343_0999f04a-986e-4740-be21-2b4ffc2dedda\\", \\"organizationId\\": \\"8351ec7a-6ab9-11e9-9d14-1aa083c926ce\\", \\"path\\": \\"/storage/emulated/0/Android/data/com.xpertsea.mobileapp.staging/files/workflows/a830a970-f987-11e9-b4d8-66674c84890a/ddd18590-6ab7-11e9-94af-3aaca69310c8/8351ec7a-6ab9-11e9-9d14-1aa083c926ce/1581966924343_0999f04a-986e-4740-be21-2b4ffc2dedda\\", \\"payload\\": null, \\"timestamp\\": 1581966924343, \\"workflowId\\": \\"0999f04a-986e-4740-be21-2b4ffc2dedda\\"}}",
    "timestamp": 1597250458468,
  },
  Object {
    "path": "/Users/mtford/Playground/log/log.txt",
    "rowid": 16,
    "text": " DEBUG  [workflow-upload-orchestrator] tick ignored - already performing operation (1 ignored events)",
    "timestamp": 1597250458470,
  },
  Object {
    "path": "/Users/mtford/Playground/log/log.txt",
    "rowid": 17,
    "text": " DEBUG  [workflow-upload-orchestrator] file observation {\\"file\\": \\"/storage/emulated/0/Android/data/com.xpertsea.mobileapp.staging/files/workflows/a830a970-f987-11e9-b4d8-66674c84890a/ddd18590-6ab7-11e9-94af-3aaca69310c8/8351ec7a-6ab9-11e9-9d14-1aa083c926ce/1581966924343_0999f04a-986e-4740-be21-2b4ffc2dedda/workflow_0999f04a-986e-4740-be21-2b4ffc2dedda\\", \\"listenerId\\": \\"9a59ed7c-eff0-42ba-aa64-5bf3b7c23412\\", \\"mask\\": 512, \\"path\\": \\"/storage/emulated/0/Android/data/com.xpertsea.mobileapp.staging/files/workflows\\", \\"types\\": [512]}",
    "timestamp": 1597250458482,
  },
  Object {
    "path": "/Users/mtford/Playground/log/log.txt",
    "rowid": 18,
    "text": " DEBUG  [workflow-upload-orchestrator] performOperation",
    "timestamp": 1597250458483,
  },
  Object {
    "path": "/Users/mtford/Playground/log/log.txt",
    "rowid": 19,
    "text": " DEBUG  [workflow-upload-orchestrator] operation was performed - trying another tick",
    "timestamp": 1597250458484,
  },
  Object {
    "path": "/Users/mtford/Playground/log/log.txt",
    "rowid": 20,
    "text": " DEBUG  [workflow-upload-orchestrator] deleted workflow payload",
    "timestamp": 1597250458485,
  },
  Object {
    "path": "/Users/mtford/Playground/log/log.txt",
    "rowid": 23,
    "text": " DEBUG  [workflow-upload-orchestrator] no binary info files to upload",
    "timestamp": 1597250458488,
  },
  Object {
    "path": "/Users/mtford/Playground/log/log.txt",
    "rowid": 24,
    "text": " DEBUG  [workflow-upload-orchestrator] no binaries to upload",
    "timestamp": 1597250458488,
  },
  Object {
    "path": "/Users/mtford/Playground/log/log.txt",
    "rowid": 25,
    "text": " DEBUG  [workflow-upload-orchestrator] found workflow to upload {\\"workflowToUpload\\": {\\"customerId\\": \\"ddd18590-6ab7-11e9-94af-3aaca69310c8\\", \\"error\\": false, \\"fileName\\": \\"1581966924343_0999f04a-986e-4740-be21-2b4ffc2dedda\\", \\"organizationId\\": \\"8351ec7a-6ab9-11e9-9d14-1aa083c926ce\\", \\"path\\": \\"/storage/emulated/0/Android/data/com.xpertsea.mobileapp.staging/files/workflows/a830a970-f987-11e9-b4d8-66674c84890a/ddd18590-6ab7-11e9-94af-3aaca69310c8/8351ec7a-6ab9-11e9-9d14-1aa083c926ce/1581966924343_0999f04a-986e-4740-be21-2b4ffc2dedda\\", \\"payload\\": {\\"applicationId\\": \\"c1b2bde3-52f3-44fe-9c9a-aa9c15ec9734\\", \\"applicationVersion\\": \\"0.4.1\\", \\"dateTime\\": 2020-02-17T19:15:08.836Z, \\"id\\": \\"0999f04a-986e-4740-be21-2b4ffc2dedda\\", \\"organizationId\\": \\"8351ec7a-6ab9-11e9-9d14-1aa083c926ce\\", \\"tz\\": \\"Europe/London\\", \\"workflowDefinitionId\\": \\"ec5f8087-822a-4967-b7e4-d1ed72ddc10a\\", \\"workflowDefinitionVersion\\": \\"0.0.5\\", \\"workflowInputs\\": [Object], \\"workflowInputsSchema\\": \\"MonitoringV1.json\\", \\"workflowTypeId\\": \\"c730ae0a-a2cd-11e7-8b2d-b2b3c9a1a96a\\"}, \\"timestamp\\": 1581966924343, \\"workflowId\\": \\"0999f04a-986e-4740-be21-2b4ffc2dedda\\"}}",
    "timestamp": 1597250458505,
  },
  Object {
    "path": "/Users/mtford/Playground/log/log.txt",
    "rowid": 26,
    "text": " DEBUG  [workflow-upload-orchestrator] performOperation",
    "timestamp": 1597250458505,
  },
  Object {
    "path": "/Users/mtford/Playground/log/log.txt",
    "rowid": 27,
    "text": " DEBUG  [workflow-upload-orchestrator] error when performing operation - sleeping for 250ms before ticking again",
    "timestamp": 1597250458507,
  },
  Object {
    "path": "/Users/mtford/Playground/log/log.txt",
    "rowid": 28,
    "text": " DEBUG  [workflow-upload-orchestrator] tick ignored - already performing operation (2 ignored events)",
    "timestamp": 1597250458508,
  },
  Object {
    "path": "/Users/mtford/Playground/log/log.txt",
    "rowid": 29,
    "text": " DEBUG  [workflow-upload-orchestrator] file observation {\\"file\\": \\"/storage/emulated/0/Android/data/com.xpertsea.mobileapp.staging/files/workflows/a830a970-f987-11e9-b4d8-66674c84890a/ddd18590-6ab7-11e9-94af-3aaca69310c8/8351ec7a-6ab9-11e9-9d14-1aa083c926ce/1581966924343_0999f04a-986e-4740-be21-2b4ffc2dedda/error_info_45c8e1b0-6d87-4bc1-ba90-0b2ca1d452bd.json\\", \\"listenerId\\": \\"9a59ed7c-eff0-42ba-aa64-5bf3b7c23412\\", \\"mask\\": 128, \\"path\\": \\"/storage/emulated/0/Android/data/com.xpertsea.mobileapp.staging/files/workflows\\", \\"types\\": [128]}",
    "timestamp": 1597250458515,
  },
  Object {
    "path": "/Users/mtford/Playground/log/log.txt",
    "rowid": 30,
    "text": " DEBUG  [workflow-upload-orchestrator] tick ignored - already performing operation (1 ignored events)",
    "timestamp": 1597250458516,
  },
  Object {
    "path": "/Users/mtford/Playground/log/log.txt",
    "rowid": 31,
    "text": " DEBUG  [workflow-upload-orchestrator] file observation {\\"file\\": \\"/storage/emulated/0/Android/data/com.xpertsea.mobileapp.staging/files/workflows/a830a970-f987-11e9-b4d8-66674c84890a/ddd18590-6ab7-11e9-94af-3aaca69310c8/8351ec7a-6ab9-11e9-9d14-1aa083c926ce/1581966924343_0999f04a-986e-4740-be21-2b4ffc2dedda/info_45c8e1b0-6d87-4bc1-ba90-0b2ca1d452bd.json\\", \\"listenerId\\": \\"9a59ed7c-eff0-42ba-aa64-5bf3b7c23412\\", \\"mask\\": 64, \\"path\\": \\"/storage/emulated/0/Android/data/com.xpertsea.mobileapp.staging/files/workflows\\", \\"types\\": [64]}",
    "timestamp": 1597250458523,
  },
  Object {
    "path": "/Users/mtford/Playground/log/log.txt",
    "rowid": 32,
    "text": " DEBUG  [workflow-upload-orchestrator] marking session binary info as errored",
    "timestamp": 1597250458524,
  },
  Object {
    "path": "/Users/mtford/Playground/log/log.txt",
    "rowid": 33,
    "text": " DEBUG  [workflow-upload-orchestrator] no binaries to upload",
    "timestamp": 1597250458525,
  },
  Object {
    "path": "/Users/mtford/Playground/log/log.txt",
    "rowid": 34,
    "text": " DEBUG  [workflow-upload-orchestrator] found workflow to upload {\\"workflowToUpload\\": {\\"customerId\\": \\"ddd18590-6ab7-11e9-94af-3aaca69310c8\\", \\"error\\": false, \\"fileName\\": \\"1581966924343_0999f04a-986e-4740-be21-2b4ffc2dedda\\", \\"organizationId\\": \\"8351ec7a-6ab9-11e9-9d14-1aa083c926ce\\", \\"path\\": \\"/storage/emulated/0/Android/data/com.xpertsea.mobileapp.staging/files/workflows/a830a970-f987-11e9-b4d8-66674c84890a/ddd18590-6ab7-11e9-94af-3aaca69310c8/8351ec7a-6ab9-11e9-9d14-1aa083c926ce/1581966924343_0999f04a-986e-4740-be21-2b4ffc2dedda\\", \\"payload\\": {\\"applicationId\\": \\"c1b2bde3-52f3-44fe-9c9a-aa9c15ec9734\\", \\"applicationVersion\\": \\"0.4.1\\", \\"dateTime\\": 2020-02-17T19:15:08.836Z, \\"id\\": \\"0999f04a-986e-4740-be21-2b4ffc2dedda\\", \\"organizationId\\": \\"8351ec7a-6ab9-11e9-9d14-1aa083c926ce\\", \\"tz\\": \\"Europe/London\\", \\"workflowDefinitionId\\": \\"ec5f8087-822a-4967-b7e4-d1ed72ddc10a\\", \\"workflowDefinitionVersion\\": \\"0.0.5\\", \\"workflowInputs\\": [Object], \\"workflowInputsSchema\\": \\"MonitoringV1.json\\", \\"workflowTypeId\\": \\"c730ae0a-a2cd-11e7-8b2d-b2b3c9a1a96a\\"}, \\"timestamp\\": 1581966924343, \\"workflowId\\": \\"0999f04a-986e-4740-be21-2b4ffc2dedda\\"}}",
    "timestamp": 1597250458540,
  },
  Object {
    "path": "/Users/mtford/Playground/log/log.txt",
    "rowid": 35,
    "text": " DEBUG  [workflow-upload-orchestrator] performOperation",
    "timestamp": 1597250458540,
  },
  Object {
    "path": "/Users/mtford/Playground/log/log.txt",
    "rowid": 36,
    "text": " DEBUG  [workflow-upload-orchestrator] operation was performed - trying another tick",
    "timestamp": 1597250458541,
  },
  Object {
    "path": "/Users/mtford/Playground/log/log.txt",
    "rowid": 37,
    "text": " DEBUG  [workflow-upload-orchestrator] deleted session binary",
    "timestamp": 1597250458542,
  },
  Object {
    "path": "/Users/mtford/Playground/log/log.txt",
    "rowid": 38,
    "text": " DEBUG  [workflow-upload-orchestrator] tick ignored - already performing operation (4 ignored events)",
    "timestamp": 1597250458544,
  },
  Object {
    "path": "/Users/mtford/Playground/log/log.txt",
    "rowid": 39,
    "text": " DEBUG  [workflow-upload-orchestrator] file observation {\\"file\\": \\"/storage/emulated/0/Android/data/com.xpertsea.mobileapp.staging/files/workflows/a830a970-f987-11e9-b4d8-66674c84890a/ddd18590-6ab7-11e9-94af-3aaca69310c8/8351ec7a-6ab9-11e9-9d14-1aa083c926ce/1581966924343_0999f04a-986e-4740-be21-2b4ffc2dedda/binary_45c8e1b0-6d87-4bc1-ba90-0b2ca1d452bd\\", \\"listenerId\\": \\"9a59ed7c-eff0-42ba-aa64-5bf3b7c23412\\", \\"mask\\": 512, \\"path\\": \\"/storage/emulated/0/Android/data/com.xpertsea.mobileapp.staging/files/workflows\\", \\"types\\": [512]}",
    "timestamp": 1597250458552,
  },
  Object {
    "path": "/Users/mtford/Playground/log/log.txt",
    "rowid": 42,
    "text": " DEBUG  [workflow-upload-orchestrator] found workflow to upload {\\"workflowToUpload\\": {\\"customerId\\": \\"ddd18590-6ab7-11e9-94af-3aaca69310c8\\", \\"error\\": false, \\"fileName\\": \\"1581966924343_0999f04a-986e-4740-be21-2b4ffc2dedda\\", \\"organizationId\\": \\"8351ec7a-6ab9-11e9-9d14-1aa083c926ce\\", \\"path\\": \\"/storage/emulated/0/Android/data/com.xpertsea.mobileapp.staging/files/workflows/a830a970-f987-11e9-b4d8-66674c84890a/ddd18590-6ab7-11e9-94af-3aaca69310c8/8351ec7a-6ab9-11e9-9d14-1aa083c926ce/1581966924343_0999f04a-986e-4740-be21-2b4ffc2dedda\\", \\"payload\\": {\\"applicationId\\": \\"c1b2bde3-52f3-44fe-9c9a-aa9c15ec9734\\", \\"applicationVersion\\": \\"0.4.1\\", \\"dateTime\\": 2020-02-17T19:15:08.836Z, \\"id\\": \\"0999f04a-986e-4740-be21-2b4ffc2dedda\\", \\"organizationId\\": \\"8351ec7a-6ab9-11e9-9d14-1aa083c926ce\\", \\"tz\\": \\"Europe/London\\", \\"workflowDefinitionId\\": \\"ec5f8087-822a-4967-b7e4-d1ed72ddc10a\\", \\"workflowDefinitionVersion\\": \\"0.0.5\\", \\"workflowInputs\\": [Object], \\"workflowInputsSchema\\": \\"MonitoringV1.json\\", \\"workflowTypeId\\": \\"c730ae0a-a2cd-11e7-8b2d-b2b3c9a1a96a\\"}, \\"timestamp\\": 1581966924343, \\"workflowId\\": \\"0999f04a-986e-4740-be21-2b4ffc2dedda\\"}}",
    "timestamp": 1597250458580,
  },
  Object {
    "path": "/Users/mtford/Playground/log/log.txt",
    "rowid": 43,
    "text": " DEBUG  [workflow-upload-orchestrator] tick ignored - already performing operation (3 ignored events)",
    "timestamp": 1597250458581,
  },
  Object {
    "path": "/Users/mtford/Playground/log/log.txt",
    "rowid": 44,
    "text": " DEBUG  [workflow-upload-orchestrator] file observation {\\"file\\": \\"/storage/emulated/0/Android/data/com.xpertsea.mobileapp.staging/files/workflows/a830a970-f987-11e9-b4d8-66674c84890a/ddd18590-6ab7-11e9-94af-3aaca69310c8/8351ec7a-6ab9-11e9-9d14-1aa083c926ce/1581966924343_0999f04a-986e-4740-be21-2b4ffc2dedda/workflow_0999f04a-986e-4740-be21-2b4ffc2dedda\\", \\"listenerId\\": \\"9a59ed7c-eff0-42ba-aa64-5bf3b7c23412\\", \\"mask\\": 256, \\"path\\": \\"/storage/emulated/0/Android/data/com.xpertsea.mobileapp.staging/files/workflows\\", \\"types\\": [256]}",
    "timestamp": 1597250458589,
  },
  Object {
    "path": "/Users/mtford/Playground/log/log.txt",
    "rowid": 45,
    "text": " DEBUG  [workflow-upload-orchestrator] tick ignored - already performing operation (2 ignored events)",
    "timestamp": 1597250458591,
  },
  Object {
    "path": "/Users/mtford/Playground/log/log.txt",
    "rowid": 46,
    "text": " DEBUG  [workflow-upload-orchestrator] file observation {\\"file\\": \\"/storage/emulated/0/Android/data/com.xpertsea.mobileapp.staging/files/workflows/a830a970-f987-11e9-b4d8-66674c84890a/ddd18590-6ab7-11e9-94af-3aaca69310c8/8351ec7a-6ab9-11e9-9d14-1aa083c926ce/1581966924343_0999f04a-986e-4740-be21-2b4ffc2dedda/info_45c8e1b0-6d87-4bc1-ba90-0b2ca1d452bd.json\\", \\"listenerId\\": \\"9a59ed7c-eff0-42ba-aa64-5bf3b7c23412\\", \\"mask\\": 128, \\"path\\": \\"/storage/emulated/0/Android/data/com.xpertsea.mobileapp.staging/files/workflows\\", \\"types\\": [128]}",
    "timestamp": 1597250458598,
  },
  Object {
    "path": "/Users/mtford/Playground/log/log.txt",
    "rowid": 47,
    "text": " DEBUG  [workflow-upload-orchestrator] tick ignored - already performing operation (1 ignored events)",
    "timestamp": 1597250458599,
  },
  Object {
    "path": "/Users/mtford/Playground/log/log.txt",
    "rowid": 48,
    "text": " DEBUG  [workflow-upload-orchestrator] file observation {\\"file\\": \\"/storage/emulated/0/Android/data/com.xpertsea.mobileapp.staging/files/workflows/a830a970-f987-11e9-b4d8-66674c84890a/ddd18590-6ab7-11e9-94af-3aaca69310c8/8351ec7a-6ab9-11e9-9d14-1aa083c926ce/1581966924343_0999f04a-986e-4740-be21-2b4ffc2dedda/binary_45c8e1b0-6d87-4bc1-ba90-0b2ca1d452bd\\", \\"listenerId\\": \\"9a59ed7c-eff0-42ba-aa64-5bf3b7c23412\\", \\"mask\\": 128, \\"path\\": \\"/storage/emulated/0/Android/data/com.xpertsea.mobileapp.staging/files/workflows\\", \\"types\\": [128]}",
    "timestamp": 1597250458606,
  },
  Object {
    "path": "/Users/mtford/Playground/log/log.txt",
    "rowid": 49,
    "text": " DEBUG  [workflow-upload-orchestrator] performOperation",
    "timestamp": 1597250458607,
  },
  Object {
    "path": "/Users/mtford/Playground/log/log.txt",
    "rowid": 50,
    "text": " DEBUG  [workflow-upload-orchestrator] file observation {\\"file\\": \\"/storage/emulated/0/Android/data/com.xpertsea.mobileapp.staging/files/workflows/a830a970-f987-11e9-b4d8-66674c84890a/ddd18590-6ab7-11e9-94af-3aaca69310c8/8351ec7a-6ab9-11e9-9d14-1aa083c926ce/1581966924343_0999f04a-986e-4740-be21-2b4ffc2dedda\\", \\"listenerId\\": \\"9a59ed7c-eff0-42ba-aa64-5bf3b7c23412\\", \\"mask\\": 1073742080, \\"path\\": \\"/storage/emulated/0/Android/data/com.xpertsea.mobileapp.staging/files/workflows\\", \\"types\\": [256]}",
    "timestamp": 1597250458615,
  },
  Object {
    "path": "/Users/mtford/Playground/log/log.txt",
    "rowid": 52,
    "text": " DEBUG  [workflow-upload-orchestrator] no operations performed - sleeping",
    "timestamp": 1597250458621,
  },
  Object {
    "path": "/Users/mtford/Playground/log/log.txt",
    "rowid": 53,
    "text": " DEBUG  [workflow-upload-orchestrator] performOperation",
    "timestamp": 1597250458621,
  },
]
`;
